[     757ms] [INFO] ** [JR] info process.env.RELEASE_VERSION ** pigeon_production@v0.2.299 @ https://static.jobright.ai/_next/static/chunks/main-a990819e2455dcf7.js:14
[     757ms] [INFO] ** [JR] info process.env.RELEASE_TIME ** 2026-08-17_11:52:00 Etc/UTC @ https://static.jobright.ai/_next/static/chunks/main-a990819e2455dcf7.js:14
[    2974ms] [WARNING] [GSI_LOGGER]: Your client application uses one of the Google One Tap prompt UI status methods that may stop functioning when FedCM becomes mandatory. Refer to the migration guide to update your code accordingly and opt-in to FedCM to test your changes. Learn more: https://developers.google.com/identity/gsi/web/guides/fedcm-migration?s=dc#display_moment and https://developers.google.com/identity/gsi/web/guides/fedcm-migration?s=dc#skipped_moment @ https://static.jobright.ai/_next/static/chunks/main-a990819e2455dcf7.js:4
[    2975ms] [ERROR] Not signed in with the identity provider. @ https://jobright.ai/jobs/info/6a7ccdc3dc3dff2d1c0c9280:0
[   62252ms] [ERROR] [GSI_LOGGER]: FedCM get() rejects with NetworkError: Error retrieving a token. @ https://static.jobright.ai/_next/static/chunks/main-a990819e2455dcf7.js:4
[ 2290854ms] [INFO] ** [JR] info process.env.RELEASE_VERSION ** pigeon_production@v0.2.299 @ https://static.jobright.ai/_next/static/chunks/main-a990819e2455dcf7.js:14
[ 2290854ms] [INFO] ** [JR] info process.env.RELEASE_TIME ** 2026-08-17_11:52:00 Etc/UTC @ https://static.jobright.ai/_next/static/chunks/main-a990819e2455dcf7.js:14
[ 2293076ms] [WARNING] [GSI_LOGGER]: Your client application uses one of the Google One Tap prompt UI status methods that may stop functioning when FedCM becomes mandatory. Refer to the migration guide to update your code accordingly and opt-in to FedCM to test your changes. Learn more: https://developers.google.com/identity/gsi/web/guides/fedcm-migration?s=dc#display_moment and https://developers.google.com/identity/gsi/web/guides/fedcm-migration?s=dc#skipped_moment @ https://static.jobright.ai/_next/static/chunks/main-a990819e2455dcf7.js:4
[ 2293081ms] [ERROR] Not signed in with the identity provider. @ https://jobright.ai/jobs/info/6a7c9f32d77e8156a8e32f9f:0
[ 2294321ms] [ERROR] [GSI_LOGGER]: FedCM get() rejects with NetworkError: Error retrieving a token. @ https://static.jobright.ai/_next/static/chunks/main-a990819e2455dcf7.js:4
[ 2307464ms] [INFO] ** [JR] info process.env.RELEASE_VERSION ** pigeon_production@v0.2.299 @ https://static.jobright.ai/_next/static/chunks/main-a990819e2455dcf7.js:14
[ 2307464ms] [INFO] ** [JR] info process.env.RELEASE_TIME ** 2026-08-17_11:52:00 Etc/UTC @ https://static.jobright.ai/_next/static/chunks/main-a990819e2455dcf7.js:14
[ 2309697ms] [WARNING] [GSI_LOGGER]: Your client application uses one of the Google One Tap prompt UI status methods that may stop functioning when FedCM becomes mandatory. Refer to the migration guide to update your code accordingly and opt-in to FedCM to test your changes. Learn more: https://developers.google.com/identity/gsi/web/guides/fedcm-migration?s=dc#display_moment and https://developers.google.com/identity/gsi/web/guides/fedcm-migration?s=dc#skipped_moment @ https://static.jobright.ai/_next/static/chunks/main-a990819e2455dcf7.js:4
[ 2309704ms] [ERROR] Not signed in with the identity provider. @ https://jobright.ai/jobs/info/6a7360498dc3d52d8ed9ef94:0
[ 2314509ms] [INFO] ** [JR] info process.env.RELEASE_VERSION ** pigeon_production@v0.2.299 @ https://static.jobright.ai/_next/static/chunks/main-a990819e2455dcf7.js:14
[ 2314509ms] [INFO] ** [JR] info process.env.RELEASE_TIME ** 2026-08-17_11:52:00 Etc/UTC @ https://static.jobright.ai/_next/static/chunks/main-a990819e2455dcf7.js:14
[ 2316807ms] [WARNING] [GSI_LOGGER]: Your client application uses one of the Google One Tap prompt UI status methods that may stop functioning when FedCM becomes mandatory. Refer to the migration guide to update your code accordingly and opt-in to FedCM to test your changes. Learn more: https://developers.google.com/identity/gsi/web/guides/fedcm-migration?s=dc#display_moment and https://developers.google.com/identity/gsi/web/guides/fedcm-migration?s=dc#skipped_moment @ https://static.jobright.ai/_next/static/chunks/main-a990819e2455dcf7.js:4
[ 2316808ms] [ERROR] Not signed in with the identity provider. @ https://jobright.ai/jobs/info/6a8359b43eeac101cfa9f328:0
[ 2323982ms] [INFO] ** [JR] info process.env.RELEASE_VERSION ** pigeon_production@v0.2.299 @ https://static.jobright.ai/_next/static/chunks/main-a990819e2455dcf7.js:14
[ 2323982ms] [INFO] ** [JR] info process.env.RELEASE_TIME ** 2026-08-17_11:52:00 Etc/UTC @ https://static.jobright.ai/_next/static/chunks/main-a990819e2455dcf7.js:14
[ 2326128ms] [INFO] ** [JR] info process.env.RELEASE_VERSION ** pigeon_production@v0.2.299 @ https://static.jobright.ai/_next/static/chunks/main-a990819e2455dcf7.js:14
[ 2326128ms] [INFO] ** [JR] info process.env.RELEASE_TIME ** 2026-08-17_11:52:00 Etc/UTC @ https://static.jobright.ai/_next/static/chunks/main-a990819e2455dcf7.js:14
[ 2327236ms] [INFO] ** [JR] info process.env.RELEASE_VERSION ** pigeon_production@v0.2.299 @ https://static.jobright.ai/_next/static/chunks/main-a990819e2455dcf7.js:14
[ 2327236ms] [INFO] ** [JR] info process.env.RELEASE_TIME ** 2026-08-17_11:52:00 Etc/UTC @ https://static.jobright.ai/_next/static/chunks/main-a990819e2455dcf7.js:14
[ 2329425ms] [WARNING] [GSI_LOGGER]: Your client application uses one of the Google One Tap prompt UI status methods that may stop functioning when FedCM becomes mandatory. Refer to the migration guide to update your code accordingly and opt-in to FedCM to test your changes. Learn more: https://developers.google.com/identity/gsi/web/guides/fedcm-migration?s=dc#display_moment and https://developers.google.com/identity/gsi/web/guides/fedcm-migration?s=dc#skipped_moment @ https://static.jobright.ai/_next/static/chunks/main-a990819e2455dcf7.js:4
[ 2329427ms] [ERROR] Not signed in with the identity provider. @ https://jobright.ai/jobs/info/6a7501677b3417772ade2dde:0
[ 2332430ms] [ERROR] [GSI_LOGGER]: FedCM get() rejects with NetworkError: Error retrieving a token. @ https://static.jobright.ai/_next/static/chunks/main-a990819e2455dcf7.js:4
[ 2338714ms] [INFO] ** [JR] info process.env.RELEASE_VERSION ** pigeon_production@v0.2.299 @ https://static.jobright.ai/_next/static/chunks/main-a990819e2455dcf7.js:14
[ 2338714ms] [INFO] ** [JR] info process.env.RELEASE_TIME ** 2026-08-17_11:52:00 Etc/UTC @ https://static.jobright.ai/_next/static/chunks/main-a990819e2455dcf7.js:14
[ 2340912ms] [INFO] ** [JR] info process.env.RELEASE_VERSION ** pigeon_production@v0.2.299 @ https://static.jobright.ai/_next/static/chunks/main-a990819e2455dcf7.js:14
[ 2340912ms] [INFO] ** [JR] info process.env.RELEASE_TIME ** 2026-08-17_11:52:00 Etc/UTC @ https://static.jobright.ai/_next/static/chunks/main-a990819e2455dcf7.js:14
[ 2342489ms] [INFO] ** [JR] info process.env.RELEASE_VERSION ** pigeon_production@v0.2.299 @ https://static.jobright.ai/_next/static/chunks/main-a990819e2455dcf7.js:14
[ 2342489ms] [INFO] ** [JR] info process.env.RELEASE_TIME ** 2026-08-17_11:52:00 Etc/UTC @ https://static.jobright.ai/_next/static/chunks/main-a990819e2455dcf7.js:14
[ 2344160ms] [INFO] ** [JR] info process.env.RELEASE_VERSION ** pigeon_production@v0.2.299 @ https://static.jobright.ai/_next/static/chunks/main-a990819e2455dcf7.js:14
[ 2344160ms] [INFO] ** [JR] info process.env.RELEASE_TIME ** 2026-08-17_11:52:00 Etc/UTC @ https://static.jobright.ai/_next/static/chunks/main-a990819e2455dcf7.js:14
